  compiler.c
\compiler.y(225,34): error C2065: 'l_false': 선언되지 않은 식별자입니다.
  (소스 파일 'compiler.c'을(를) 컴파일하는 중)
  
\compiler.y(225,34): warning C4477: 'printf' : 서식 문자열 '%s'에 'char *' 형식의 인수가 필요하지만 variadic 인수 1의 형식이 'int'입니다.
  (소스 파일 'compiler.c'을(를) 컴파일하는 중)
  
\compiler.y(226,7): error C2065: 'l_end': 선언되지 않은 식별자입니다.
  (소스 파일 'compiler.c'을(를) 컴파일하는 중)
  
\compiler.y(226,7): warning C4477: 'printf' : 서식 문자열 '%s'에 'char *' 형식의 인수가 필요하지만 variadic 인수 1의 형식이 'int'입니다.
  (소스 파일 'compiler.c'을(를) 컴파일하는 중)
  
\compiler.y(226,56): error C2065: 'l_else': 선언되지 않은 식별자입니다.
  (소스 파일 'compiler.c'을(를) 컴파일하는 중)
  
\compiler.y(226,56): warning C4477: 'printf' : 서식 문자열 '%s'에 'char *' 형식의 인수가 필요하지만 variadic 인수 1의 형식이 'int'입니다.
  (소스 파일 'compiler.c'을(를) 컴파일하는 중)
  
\compiler.y(226,7): error C2065: 'l_end': 선언되지 않은 식별자입니다.
  (소스 파일 'compiler.c'을(를) 컴파일하는 중)
  
\compiler.y(226,7): warning C4477: 'printf' : 서식 문자열 '%s'에 'char *' 형식의 인수가 필요하지만 variadic 인수 1의 형식이 'int'입니다.
  (소스 파일 'compiler.c'을(를) 컴파일하는 중)
  
\compiler.y(231,7): error C2065: 'l_body_end': 선언되지 않은 식별자입니다.
  (소스 파일 'compiler.c'을(를) 컴파일하는 중)
  
\compiler.y(231,7): warning C4477: 'printf' : 서식 문자열 '%s'에 'char *' 형식의 인수가 필요하지만 variadic 인수 1의 형식이 'int'입니다.
  (소스 파일 'compiler.c'을(를) 컴파일하는 중)
  
\compiler.y(232,7): error C2065: 'l_cond': 선언되지 않은 식별자입니다.
  (소스 파일 'compiler.c'을(를) 컴파일하는 중)
  
\compiler.y(232,7): warning C4477: 'printf' : 서식 문자열 '%s'에 'char *' 형식의 인수가 필요하지만 variadic 인수 1의 형식이 'int'입니다.
  (소스 파일 'compiler.c'을(를) 컴파일하는 중)
  
\compiler.y(232,58): error C2065: 'l_body_end': 선언되지 않은 식별자입니다.
  (소스 파일 'compiler.c'을(를) 컴파일하는 중)
  
\compiler.y(232,58): warning C4477: 'printf' : 서식 문자열 '%s'에 'char *' 형식의 인수가 필요하지만 variadic 인수 1의 형식이 'int'입니다.
  (소스 파일 'compiler.c'을(를) 컴파일하는 중)
  
\compiler.y(236,7): error C2065: 'l_cond_check': 선언되지 않은 식별자입니다.
  (소스 파일 'compiler.c'을(를) 컴파일하는 중)
  
\compiler.y(236,7): warning C4477: 'printf' : 서식 문자열 '%s'에 'char *' 형식의 인수가 필요하지만 variadic 인수 1의 형식이 'int'입니다.
  (소스 파일 'compiler.c'을(를) 컴파일하는 중)
  
\compiler.y(236,7): error C2065: 'l_start': 선언되지 않은 식별자입니다.
  (소스 파일 'compiler.c'을(를) 컴파일하는 중)
  
\compiler.y(236,7): warning C4477: 'printf' : 서식 문자열 '%s'에 'char *' 형식의 인수가 필요하지만 variadic 인수 1의 형식이 'int'입니다.
  (소스 파일 'compiler.c'을(를) 컴파일하는 중)
  
\compiler.y(236,65): error C2065: 'l_break_target': 선언되지 않은 식별자입니다.
  (소스 파일 'compiler.c'을(를) 컴파일하는 중)
  
\compiler.y(236,65): warning C4477: 'printf' : 서식 문자열 '%s'에 'char *' 형식의 인수가 필요하지만 variadic 인수 1의 형식이 'int'입니다.
  (소스 파일 'compiler.c'을(를) 컴파일하는 중)
  
\compiler.y(239,7): error C2065: 'l_end': 선언되지 않은 식별자입니다.
  (소스 파일 'compiler.c'을(를) 컴파일하는 중)
  
\compiler.y(239,7): warning C4477: 'printf' : 서식 문자열 '%s'에 'char *' 형식의 인수가 필요하지만 variadic 인수 1의 형식이 'int'입니다.
  (소스 파일 'compiler.c'을(를) 컴파일하는 중)
  
\compiler.y(239,57): error C2065: 'l_body': 선언되지 않은 식별자입니다.
  (소스 파일 'compiler.c'을(를) 컴파일하는 중)
  
\compiler.y(239,57): warning C4477: 'printf' : 서식 문자열 '%s'에 'char *' 형식의 인수가 필요하지만 variadic 인수 1의 형식이 'int'입니다.
  (소스 파일 'compiler.c'을(를) 컴파일하는 중)
  
\compiler.y(239,97): error C2065: 'l_inc': 선언되지 않은 식별자입니다.
  (소스 파일 'compiler.c'을(를) 컴파일하는 중)
  
\compiler.y(239,97): warning C4477: 'printf' : 서식 문자열 '%s'에 'char *' 형식의 인수가 필요하지만 variadic 인수 1의 형식이 'int'입니다.
  (소스 파일 'compiler.c'을(를) 컴파일하는 중)
  
\compiler.y(240,7): error C2065: 'l_cond': 선언되지 않은 식별자입니다.
  (소스 파일 'compiler.c'을(를) 컴파일하는 중)
  
\compiler.y(240,7): warning C4477: 'printf' : 서식 문자열 '%s'에 'char *' 형식의 인수가 필요하지만 variadic 인수 1의 형식이 'int'입니다.
  (소스 파일 'compiler.c'을(를) 컴파일하는 중)
  
\compiler.y(240,56): error C2065: 'l_body': 선언되지 않은 식별자입니다.
  (소스 파일 'compiler.c'을(를) 컴파일하는 중)
  
\compiler.y(240,56): warning C4477: 'printf' : 서식 문자열 '%s'에 'char *' 형식의 인수가 필요하지만 variadic 인수 1의 형식이 'int'입니다.
  (소스 파일 'compiler.c'을(를) 컴파일하는 중)
  
\compiler.y(241,7): error C2065: 'l_inc': 선언되지 않은 식별자입니다.
  (소스 파일 'compiler.c'을(를) 컴파일하는 중)
  
\compiler.y(241,7): warning C4477: 'printf' : 서식 문자열 '%s'에 'char *' 형식의 인수가 필요하지만 variadic 인수 1의 형식이 'int'입니다.
  (소스 파일 'compiler.c'을(를) 컴파일하는 중)
  
\compiler.y(241,55): error C2065: 'l_end': 선언되지 않은 식별자입니다.
  (소스 파일 'compiler.c'을(를) 컴파일하는 중)
  
\compiler.y(241,55): warning C4477: 'printf' : 서식 문자열 '%s'에 'char *' 형식의 인수가 필요하지만 variadic 인수 1의 형식이 'int'입니다.
  (소스 파일 'compiler.c'을(를) 컴파일하는 중)
  
\compiler.y(258,103): error C2065: 'l_end_switch': 선언되지 않은 식별자입니다.
  (소스 파일 'compiler.c'을(를) 컴파일하는 중)
  
\compiler.y(258,103): warning C4477: 'printf' : 서식 문자열 '%s'에 'char *' 형식의 인수가 필요하지만 variadic 인수 1의 형식이 'int'입니다.
  (소스 파일 'compiler.c'을(를) 컴파일하는 중)
  
\compiler.y(272,7): error C2065: 'l_next_case': 선언되지 않은 식별자입니다.
  (소스 파일 'compiler.c'을(를) 컴파일하는 중)
  
\compiler.y(272,7): warning C4477: 'printf' : 서식 문자열 '%s'에 'char *' 형식의 인수가 필요하지만 variadic 인수 1의 형식이 'int'입니다.
  (소스 파일 'compiler.c'을(를) 컴파일하는 중)
  
